------------------------------------------------------------------------------------------------------------------------

[2026-05-14 14:28:28 #1 store] 
Database 'C:\Users\jla\git\conclave2.0\Market26\src\main\resources\products.temp' is opened by 5988@DESKTOP-QMJV9R8

[2026-05-14 14:28:29 #2 type.registry] 
New type domain.Seller

[2026-05-14 14:28:29 #3 type] 
Type domain.Seller is not enhanced.

[2026-05-14 14:28:29 #4 type.registry] 
New type domain.Sale

[2026-05-14 14:28:29 #5 type] 
Type domain.Sale is not enhanced.

[2026-05-14 14:28:29 #6 type.registry] 
New type java.util.ArrayList<java.lang.Object>

[2026-05-14 14:28:29 #7 type.registry] 
New type java.util.ArrayList<domain.Sale>

------------------------------------------------------------------------------------------------------------------------

[2026-05-14 15:38:08 #1 store] 
Database 'C:\Users\jla\git\conclave2.0\Market26\src\main\resources\products.temp' is opened by 7912@DESKTOP-QMJV9R8

[2026-05-14 15:38:08 #2 type.registry] 
New type domain.Seller

[2026-05-14 15:38:08 #3 type] 
Type domain.Seller is not enhanced.

[2026-05-14 15:38:08 #4 type.registry] 
New type domain.Sale

[2026-05-14 15:38:08 #5 type] 
Type domain.Sale is not enhanced.

[2026-05-14 15:38:08 #6 type.registry] 
New type java.util.ArrayList<java.lang.Object>

[2026-05-14 15:38:08 #7 type.registry] 
New type java.util.ArrayList<domain.Sale>

------------------------------------------------------------------------------------------------------------------------

[2026-05-14 15:38:35 #1 store] 
Database 'C:\Users\jla\git\conclave2.0\Market26\src\main\resources\products.temp' is opened by 2756@DESKTOP-QMJV9R8

[2026-05-14 15:38:35 #2 type.registry] 
New type domain.Seller

[2026-05-14 15:38:35 #3 type] 
Type domain.Seller is not enhanced.

[2026-05-14 15:38:35 #4 type.registry] 
New type domain.Sale

[2026-05-14 15:38:35 #5 type] 
Type domain.Sale is not enhanced.

[2026-05-14 15:38:35 #6 type.registry] 
New type java.util.ArrayList<java.lang.Object>

[2026-05-14 15:38:35 #7 type.registry] 
New type java.util.ArrayList<domain.Sale>

[2026-05-14 15:38:36 #8 type.registry] 
New type domain.Persona

[2026-05-14 15:38:36 #9 type.registry] 
New type domain.Cardenal

[2026-05-14 15:38:36 #10 type] 
Type domain.Persona is not enhanced.

[2026-05-14 15:38:36 #11 type] 
Type domain.Cardenal is not enhanced.

[2026-05-14 15:38:36 #12 type.registry] 
New type domain.Conclave

[2026-05-14 15:38:36 #13 type] 
Type domain.Conclave is not enhanced.

------------------------------------------------------------------------------------------------------------------------

[2026-05-14 15:39:48 #1 store] 
Database 'C:\Users\jla\git\conclave2.0\Market26\src\main\resources\products.temp' is opened by 5188@DESKTOP-QMJV9R8

[2026-05-14 15:39:49 #2 type.registry] 
New type domain.Seller

[2026-05-14 15:39:49 #3 type] 
Type domain.Seller is not enhanced.

[2026-05-14 15:39:49 #4 type.registry] 
New type domain.Sale

[2026-05-14 15:39:49 #5 type] 
Type domain.Sale is not enhanced.

[2026-05-14 15:39:49 #6 type.registry] 
New type java.util.ArrayList<java.lang.Object>

[2026-05-14 15:39:49 #7 type.registry] 
New type java.util.ArrayList<domain.Sale>

[2026-05-14 15:39:50 #8 type.registry] 
New type domain.Persona

[2026-05-14 15:39:50 #9 type.registry] 
New type domain.Cardenal

[2026-05-14 15:39:50 #10 type] 
Type domain.Persona is not enhanced.

[2026-05-14 15:39:50 #11 type] 
Type domain.Cardenal is not enhanced.

[2026-05-14 15:39:50 #12 type.registry] 
New type domain.Conclave

[2026-05-14 15:39:50 #13 type] 
Type domain.Conclave is not enhanced.

------------------------------------------------------------------------------------------------------------------------

[2026-05-14 15:42:14 #1 store] 
Database 'C:\Users\jla\git\conclave2.0\Market26\src\main\resources\products.temp' is opened by 1624@DESKTOP-QMJV9R8

[2026-05-14 15:42:14 #2 type.registry] 
New type domain.Seller

[2026-05-14 15:42:14 #3 type] 
Type domain.Seller is not enhanced.

[2026-05-14 15:42:14 #4 type.registry] 
New type domain.Sale

[2026-05-14 15:42:14 #5 type] 
Type domain.Sale is not enhanced.

[2026-05-14 15:42:15 #6 type.registry] 
New type java.util.ArrayList<java.lang.Object>

[2026-05-14 15:42:15 #7 type.registry] 
New type java.util.ArrayList<domain.Sale>

------------------------------------------------------------------------------------------------------------------------

[2026-05-14 16:31:29 #1 store] 
Database 'C:\Users\jla\git\conclave2.0\Market26\src\main\resources\products.temp' is opened by 8828@DESKTOP-QMJV9R8

[2026-05-14 16:31:30 #2 type.registry] 
New type domain.Seller

[2026-05-14 16:31:30 #3 type] 
Type domain.Seller is not enhanced.

[2026-05-14 16:31:30 #4 type.registry] 
New type domain.Sale

[2026-05-14 16:31:30 #5 type] 
Type domain.Sale is not enhanced.

[2026-05-14 16:31:30 #6 type.registry] 
New type java.util.ArrayList<java.lang.Object>

[2026-05-14 16:31:30 #7 type.registry] 
New type java.util.ArrayList<domain.Sale>

------------------------------------------------------------------------------------------------------------------------

[2026-05-14 16:31:40 #1 store] 
Database 'C:\Users\jla\git\conclave2.0\Market26\src\main\resources\products.temp' is opened by 9632@DESKTOP-QMJV9R8

[2026-05-14 16:31:41 #2 type.registry] 
New type domain.Seller

[2026-05-14 16:31:41 #3 type] 
Type domain.Seller is not enhanced.

[2026-05-14 16:31:41 #4 type.registry] 
New type domain.Sale

[2026-05-14 16:31:41 #5 type] 
Type domain.Sale is not enhanced.

[2026-05-14 16:31:41 #6 type.registry] 
New type java.util.ArrayList<java.lang.Object>

[2026-05-14 16:31:41 #7 type.registry] 
New type java.util.ArrayList<domain.Sale>

------------------------------------------------------------------------------------------------------------------------

[2026-05-14 16:35:13 #1 store] 
Database 'C:\Users\jla\git\conclave2.0\Market26\src\main\resources\products.temp' is opened by 5208@DESKTOP-QMJV9R8

[2026-05-14 16:35:13 #2 type.registry] 
New type domain.Seller

[2026-05-14 16:35:13 #3 type] 
Type domain.Seller is not enhanced.

[2026-05-14 16:35:13 #4 type.registry] 
New type domain.Sale

[2026-05-14 16:35:13 #5 type] 
Type domain.Sale is not enhanced.

[2026-05-14 16:35:13 #6 type.registry] 
New type java.util.ArrayList<java.lang.Object>

[2026-05-14 16:35:13 #7 type.registry] 
New type java.util.ArrayList<domain.Sale>

------------------------------------------------------------------------------------------------------------------------

[2026-05-14 16:36:44 #1 store] 
Database 'C:\Users\jla\git\conclave2.0\Market26\src\main\resources\products.temp' is opened by 4300@DESKTOP-QMJV9R8

[2026-05-14 16:36:44 #2 type.registry] 
New type domain.Seller

[2026-05-14 16:36:44 #3 type] 
Type domain.Seller is not enhanced.

[2026-05-14 16:36:45 #4 type.registry] 
New type domain.Sale

[2026-05-14 16:36:45 #5 type] 
Type domain.Sale is not enhanced.

[2026-05-14 16:36:45 #6 type.registry] 
New type java.util.ArrayList<java.lang.Object>

[2026-05-14 16:36:45 #7 type.registry] 
New type java.util.ArrayList<domain.Sale>

